Testing Group Level Generation:
Generated Code: 01010101.001

Testing Sub Group Level Generation:
Generated Code: 0101030406.001

Testing Increment:
Error during DB test: (1048, "Column 'category' cannot be null")
